<!DOCTYPE html>
<html>
<head lang="en">
	<meta charset="UTF-8">
	<title></title>
	<link href="styles/style.remain.css" rel="stylesheet" />
	<link href="styles/style.extracted.css?extracted-suffix=true" rel="stylesheet" />
	<link href="style2.css" rel="stylesheet" />
</head>
<body>

</body>
</html>