<!DOCTYPE html>
<html>
<head lang="en">
	<meta charset="UTF-8">
	<title></title>
	<link rel="stylesheet" href="main.css">
	<link href="styles/wix-style.css?__inline=true" rel="stylesheet" />
	<link href="styles/style.css" rel="stylesheet" />
</head>
<body>

</body>
</html>